H -237 -357 541 677
!      ---- Modo de Desenho da Barra ---
BU
!      ---- Tamanho da Fonte das Legendas ---
F 1
!      ---- Cores (Fundo - Identificador - Numero - Valor - Grid)---
RF 255 255 255
RI 128 0 128
RN 128 0 128
RV 0 0 255
RG 0 0 0
!      ---- Grupos Base de Tensão ----
!Ten  lar  R   G   B ID
G 0 1 0 0 0
!    ---- Componentes ----
!Numero Tipo Rot Hac Px Py Cor sl Descrip
C796  1 770 0    -48    -16  1  0 0  1  0  0  0 56
C797  1 768 0    -64    -80  1  0 0  2  0  0  0 56
C1655  1 768 0     16     16  1  0 0  3  0  0  0 56
C3393  1 770 0     96    160  1  0 0  4  0  0  0 56
C6847  1 1026 0     96    240  1  0 0  5  0  0  0 56
C13747  1 1026 0    144    320  1  0 0  6  0  0  0 56
C27568  1 770 0     32    368  1  0 0  7  0  0  0 56
C27569  1 770 0     64    416  1  0 0  8  0  0  0 56
C55182  1 768 0   -144    464  1  0 0  9  0  0  0 56
C55183  1 768 0   -208    160  1  0 0 39  0  0  0 56
C220920  1 514 0    -16   -192  1  0 0 30  0  0  0 56
C220925  1 770 0    176   -128  1  0 0 25  0  0  0 56
C441968  1 258 0     80   -256  1  0 0 37  0  0  0 56
C441971  1 512 0    256   -128  1  0 0 26  0  0  0 56
C884035  1 258 0    320    -48  1  0 0 27  0  0  0 56
C884037  1 258 0    416   -128  1  0 0 28  0  0  0 56
C884039  1 1026 0    512   -192  1  0 0 29  0  0  0 56
C1768164  1 256 0    480    -64  1  0 0 38  0  0  0 56
C3536410  1 770 0    336    -16  1  0 0 17  0  0  0 56
C3536411  1 258 0    144    -16  1  0 0 18  0  0  0 56
C3536415  1 1282 0    416     64  1  0 0 16  0  0  0 56
C28291763  1 1026 0    304    464  1  0 0 10  0  0  0 56
C28291764  1 258 0    304    576  1  0 0 32  0  0  0 56
C28291767  1 258 0    192    416  1  0 0 11  0  0  0 56
C28291769  1 258 0    352    416  1  0 0 13  0  0  0 56
C56583654  1 1282 0    400    320  1  0 0 12  0  0  0 56
C113167438  1 512 0 142.251 159.733  1  0 0 14  0  0  0 56
C113167439  1 258 0 223.562 114.12  1  0 0 15  0  0  0 56
C110430 24 2 0   -144     80  1  0 -  1 39  0  0 0
C220921 24 2 0    -48   -240  1  0 -  1 30  0  0 0
C441969 24 2 0     64   -320  1  0 -  1 37  0  0 0
C441970  9 2 0     64   -208 257  0 -  1 25 37  0 0
C1768165 24 0 0    496    -16  1  0 -  1 38  0  0 0
C1768166  9 0 0    496   -112 257  0 -  1 29 38  0 0
C220922  9 2 0    -48   -144 257  0 -  1  2 30  0 0
C28291765 24 0 0    288    640  1  0 -  1 32  0  0 0
C28291766  9 0 0    288    512 257  0 -  1 10 32  0 0
C56583660  9 0 0    176    368 257  0 -  1 12 11  0 0
C56583666  9 0 0    336    352 257  0 -  1 12 13  0 0
!      ---- Linhas ----
!Numero Tipo hac sl De Para nsg segmentos
!     ---- Ligacoes ----
!Numero Flags cor Inic Coni Fin Conf Linhas nqb quebras
U42990 0  1 110430   1 55183   5  -1   0 
U85997 0  1 220921   1 220920   3  -1   0 
U172022 0  1 441969   1 441968   2  -1   0 
U172023 0  1 441970   1 220925   8  -1   0 
U172024 0  1 441970   2 441968   2  -1   0 
U688154 0  1 1768165   1 1768164   2  -1   0 
U688155 0  1 1768166   1 884039   2  -1   0 
U688156 0  1 1768166   2 1768164   2  -1   0 
U85998 0  1 220922   1 797   2  -1   0 
U85999 0  1 220922   2 220920   3  -1   0 
U11010728 0  1 28291765   1 28291764   2  -1   0 
U11010729 0  1 28291766   1 28291763   2  -1   0 
U11010730 0  1 28291766   2 28291764   2  -1   0 
U22021485 0  1 56583660   1 56583654  15  -1   0 
U22021486 0  1 56583660   2 28291767   2  -1   0 
U22021489 0  1 56583666   1 56583654   5  -1   0 
U22021490 0  1 56583666   2 28291769   2  -1   0 
!    ---- Posição de Legenda de Componentes ----
!NumCompo Label Rot Px Py
X 797  0  0   -39.20   -17.59
X 797  1  0   -37.37    -6.97
X 55182  0  0     0.00   -20.00
X 220920  1  2     0.00    -8.00
X 220925  1  2     0.00    -8.00
!     ---- Posição de Legenda de Ligacoes ----
!Lado NumLig Label Px Py
YF 11010730  0     0.00     4.00
YF 22021485  0    -0.00     4.00
